// Jest Snapshot v1, https://goo.gl/fbAQLP

exports[`Dropdown correctly mounts Profile, DropdownCourses, and DropdownCreateCourses components when a user is logged in 1`] = `
"<Fragment>
  <Blueprint4.Popover2 content={{...}} inheritDarkTheme={false} placement=\\"bottom\\" boundary=\\"clippingParents\\" captureDismiss={false} defaultIsOpen={false} disabled={false} fill={false} hasBackdrop={false} hoverCloseDelay={300} hoverOpenDelay={150} interactionKind=\\"click\\" matchTargetWidth={false} minimal={false} openOnTargetFocus={true} positioningStrategy=\\"absolute\\" renderTarget={[undefined]} shouldReturnFocusOnClose={false} targetTagName=\\"span\\" transitionDuration={300} usePortal={true}>
    <ControlButton icon=\\"caret-down\\" />
  </Blueprint4.Popover2>
  <DropdownSettings isOpen={false} onClose={[Function: toggleSettingsOpen]} />
  <DropdownAbout isOpen={false} onClose={[Function: toggleAboutOpen]} />
  <DropdownHelp isOpen={false} onClose={[Function: toggleHelpOpen]} />
  <DropdownCourses isOpen={false} onClose={[Function: toggleMyCoursesOpen]} courses={{...}} courseId={[undefined]} />
  <DropdownCreateCourse isOpen={false} onClose={[Function: toggleCreateCourseOpen]} handleCreateCourse={[Function: handleCreateCourse]} />
  <Profile isOpen={false} onClose={[Function: toggleProfileOpen]} />
</Fragment>"
`;

exports[`Dropdown does not mount Profile, DropdownCourses and DropdownCreateCourses components when a user is not logged in 1`] = `
"<Fragment>
  <Blueprint4.Popover2 content={{...}} inheritDarkTheme={false} placement=\\"bottom\\" boundary=\\"clippingParents\\" captureDismiss={false} defaultIsOpen={false} disabled={false} fill={false} hasBackdrop={false} hoverCloseDelay={300} hoverOpenDelay={150} interactionKind=\\"click\\" matchTargetWidth={false} minimal={false} openOnTargetFocus={true} positioningStrategy=\\"absolute\\" renderTarget={[undefined]} shouldReturnFocusOnClose={false} targetTagName=\\"span\\" transitionDuration={300} usePortal={true}>
    <ControlButton icon=\\"caret-down\\" />
  </Blueprint4.Popover2>
  <DropdownSettings isOpen={false} onClose={[Function: toggleSettingsOpen]} />
  <DropdownAbout isOpen={false} onClose={[Function: toggleAboutOpen]} />
  <DropdownHelp isOpen={false} onClose={[Function: toggleHelpOpen]} />
</Fragment>"
`;
