// Jest Snapshot v1, https://goo.gl/fbAQLP

exports[`AchievementExp component renders correctly 1`] = `
"<EditableAchievementGoals goals={{...}} editGoals={[Function: editGoals]} removeGoalFromBackend={[Function: removeGoalFromBackend]}>
  <div>
    <div>
      <Blueprint3.Button text=\\"Edit Goals\\" onClick={[Function: onClick]}>
        <button type=\\"button\\" onClick={[Function: onClick]} className=\\"bp3-button\\" disabled={[undefined]} onKeyDown={[Function]} onKeyUp={[Function]} tabIndex={[undefined]}>
          <Blueprint3.Icon icon={[undefined]} />
          <span className=\\"bp3-button-text\\">
            Edit Goals
          </span>
          <Blueprint3.Icon icon={[undefined]} />
        </button>
      </Blueprint3.Button>
    </div>
    <Blueprint3.Dialog onClose={[Function: onClose]} isOpen={false} title=\\"Edit Goals\\" usePortal={false} canOutsideClickClose={true}>
      <Blueprint3.Overlay onClose={[Function: onClose]} isOpen={false} title=\\"Edit Goals\\" usePortal={false} canOutsideClickClose={true} className=\\"bp3-overlay-scroll-container\\" hasBackdrop={true} autoFocus={true} backdropProps={{...}} canEscapeKeyClose={true} enforceFocus={true} lazy={true} transitionDuration={300} transitionName=\\"bp3-overlay\\" />
    </Blueprint3.Dialog>
  </div>
</EditableAchievementGoals>"
`;

exports[`AchievementExp component renders correctly 2`] = `
"<EditableAchievementGoals goals={{...}} editGoals={[Function: editGoals]} removeGoalFromBackend={[Function: removeGoalFromBackend]}>
  <div>
    <div>
      <Blueprint3.Button text=\\"Edit Goals\\" onClick={[Function: onClick]}>
        <button type=\\"button\\" onClick={[Function: onClick]} className=\\"bp3-button\\" disabled={[undefined]} onKeyDown={[Function]} onKeyUp={[Function]} tabIndex={[undefined]}>
          <Blueprint3.Icon icon={[undefined]} />
          <span className=\\"bp3-button-text\\">
            Edit Goals
          </span>
          <Blueprint3.Icon icon={[undefined]} />
        </button>
      </Blueprint3.Button>
    </div>
    <Blueprint3.Dialog onClose={[Function: onClose]} isOpen={false} title=\\"Edit Goals\\" usePortal={false} canOutsideClickClose={true}>
      <Blueprint3.Overlay onClose={[Function: onClose]} isOpen={false} title=\\"Edit Goals\\" usePortal={false} canOutsideClickClose={true} className=\\"bp3-overlay-scroll-container\\" hasBackdrop={true} autoFocus={true} backdropProps={{...}} canEscapeKeyClose={true} enforceFocus={true} lazy={true} transitionDuration={300} transitionName=\\"bp3-overlay\\" />
    </Blueprint3.Dialog>
  </div>
</EditableAchievementGoals>"
`;
