// Jest Snapshot v1, https://goo.gl/fbAQLP

exports[`ContentDisplay page renders correctly 1`] = `
"<ContentDisplay display={{...}} loadContentDispatch={[Function: loadContentDispatch]}>
  <div className=\\"ContentDisplay row center-xs\\">
    <div className=\\"col-xs-10 contentdisplay-content-parent\\">
      <Blueprint2.Card className=\\"contentdisplay-content\\" elevation={3} interactive={false}>
        <div className=\\"pt-card pt-elevation-3 contentdisplay-content\\">
          <div>
             Test Content 
          </div>
        </div>
      </Blueprint2.Card>
    </div>
  </div>
</ContentDisplay>"
`;
