// Jest Snapshot v1, https://goo.gl/fbAQLP

exports[`AchievementAdder component renders correctly 1`] = `
"<AchievementAdder inferencer={{...}} adderId={0} setAdderId={[Function: setAdderId]}>
  <Blueprint3.Button className=\\"main-adder\\" onClick={[Function: handleAddAchievement]} text=\\"Add A New Item\\" disabled={true}>
    <button type=\\"button\\" className=\\"bp3-button bp3-disabled main-adder\\" onClick={[undefined]} disabled={true} onKeyDown={[Function (anonymous)]} onKeyUp={[Function (anonymous)]} tabIndex={-1}>
      <Blueprint3.Icon icon={[undefined]} />
      <span className=\\"bp3-button-text\\">
        Add A New Item
      </span>
      <Blueprint3.Icon icon={[undefined]} />
    </button>
  </Blueprint3.Button>
</AchievementAdder>"
`;
