// Jest Snapshot v1, https://goo.gl/fbAQLP

exports[`AchievementExp component renders correctly 1`] = `
"<AchievementHints release={{...}}>
  <div className=\\"hints\\">
    <div>
      <Blueprint3.Tag intent=\\"warning\\" round={true}>
        <span className=\\"bp3-tag bp3-intent-warning bp3-round\\" tabIndex={[undefined]}>
          <Blueprint3.Icon icon={[undefined]} />
          <Blueprint3.Text className=\\"bp3-fill\\" ellipsize={true} tagName=\\"span\\">
            <span className=\\"bp3-text-overflow-ellipsis bp3-fill\\" title={[undefined]}>
              Week 0
            </span>
          </Blueprint3.Text>
          <Blueprint3.Icon icon={[undefined]} />
        </span>
      </Blueprint3.Tag>
    </div>
  </div>
</AchievementHints>"
`;
