// Jest Snapshot v1, https://goo.gl/fbAQLP

exports[`AchievementExp component renders correctly 1`] = `
"<AchievementWeek release={{...}}>
  <div className=\\"week\\">
    <div />
  </div>
</AchievementWeek>"
`;

exports[`AchievementExp component renders correctly 2`] = `
"<AchievementWeek release={{...}}>
  <div className=\\"week\\">
    <div />
  </div>
</AchievementWeek>"
`;

exports[`AchievementExp component renders correctly 3`] = `
"<AchievementWeek release={{...}}>
  <div className=\\"week\\">
    <div />
  </div>
</AchievementWeek>"
`;

exports[`AchievementExp component renders correctly 4`] = `
"<AchievementWeek release={{...}}>
  <div className=\\"week\\">
    <div />
  </div>
</AchievementWeek>"
`;

exports[`AchievementExp component renders correctly 5`] = `
"<AchievementWeek release={{...}}>
  <div className=\\"week\\">
    <div />
  </div>
</AchievementWeek>"
`;

exports[`AchievementExp component renders correctly 6`] = `
"<AchievementWeek release={{...}}>
  <div className=\\"week\\">
    <div />
  </div>
</AchievementWeek>"
`;
