// Jest Snapshot v1, https://goo.gl/fbAQLP

exports[`ContentDisplay page renders correctly 1`] = `
<DocumentFragment>
  <div
    class="ContentDisplay row center-xs"
  >
    <div
      class="col-md-10 col-xs-11 contentdisplay-content-parent"
    >
      <div
        class="contentdisplay-content bp5-card bp5-elevation-3"
      >
        <div>
           Test Content 
        </div>
      </div>
    </div>
  </div>
</DocumentFragment>
`;
