// Jest Snapshot v1, https://goo.gl/fbAQLP

exports[`Sicp Code Snippet renders correctly with prepend 1`] = `
"<div className=\\"sicp-code-snippet\\">
  <Blueprint4.Card className=\\"sicp-code-snippet-closed\\" interactive={true} elevation={2}>
    <SyntaxHighlighter language=\\"javascript\\" style={{...}} onClick={[Function: handleOpen]}>
      const a = 1;
      a+1;
    </SyntaxHighlighter>
  </Blueprint4.Card>
  <Component>
    <em>
      2
    </em>
  </Component>
</div>"
`;

exports[`Sicp Code Snippet renders correctly without prepend 1`] = `
"<div className=\\"sicp-code-snippet\\">
  <Blueprint4.Card className=\\"sicp-code-snippet-closed\\" interactive={true} elevation={2}>
    <SyntaxHighlighter language=\\"javascript\\" style={{...}} onClick={[Function: handleOpen]}>
      const a = 1;
      a+1;
    </SyntaxHighlighter>
  </Blueprint4.Card>
  <Component>
    <em>
      2
    </em>
  </Component>
</div>"
`;
