// Jest Snapshot v1, https://goo.gl/fbAQLP

exports[`Sicp exercise renders correctly 1`] = `
<div
  className="sicp-exercise bp5-card bp5-elevation-1"
>
  <b>
    Title
  </b>
  <div>
    <div>
      body
    </div>
  </div>
  <div
    className="sicp-button-container"
  >
    <button
      className="bp5-button bp5-large sicp-show-solution-button"
      disabled={false}
      onBlur={[Function]}
      onClick={[Function]}
      onKeyDown={[Function]}
      onKeyUp={[Function]}
      type="button"
    >
      <span
        className="bp5-button-text"
      >
        Show Solution
      </span>
    </button>
  </div>
  <div
    className="bp5-collapse sicp-solution"
    style={
      Object {
        "height": undefined,
        "overflowY": undefined,
        "transition": undefined,
      }
    }
  >
    <div
      aria-hidden={true}
      className="bp5-collapse-body"
      style={
        Object {
          "transform": "translateY(-undefinedpx)",
          "transition": undefined,
        }
      }
    />
  </div>
</div>
`;
