// Jest Snapshot v1, https://goo.gl/fbAQLP

exports[`Sicp latex renders correctly block 1`] = `
<DocumentFragment>
  <span
    class="__Latex__"
  >
    1+1
  </span>
</DocumentFragment>
`;

exports[`Sicp latex renders correctly inline 1`] = `
<DocumentFragment>
  <span
    class="__Latex__"
  >
    1+1
  </span>
</DocumentFragment>
`;
