// Jest Snapshot v1, https://goo.gl/fbAQLP

exports[`GitHubClassroom renders correctly 1`] = `
"<div className=\\"Academy\\" style={{...}}>
  <GitHubAssessmentsNavigationBar changeCourseHandler={[Function (anonymous)]} handleGitHubLogIn={[Function: handleGitHubLogIn]} handleGitHubLogOut={[Function: handleGitHubLogOut]} octokit={{...}} courses={[undefined]} selectedCourse=\\"\\" types={[undefined]} assessmentTypeOverviews={[undefined]} />
  <Routes>
    <Route path=\\"login\\" element={{...}} />
    <Route path=\\"welcome\\" element={{...}} />
    <Route path=\\"editor\\" element={{...}} />
    <Route path=\\"*\\" element={{...}} />
  </Routes>
</div>"
`;
