// Jest Snapshot v1, https://goo.gl/fbAQLP

exports[`GitHubClassroom renders correctly 1`] = `
<div
  className="Academy"
  style={
    Object {
      "overflow": "hidden",
    }
  }
>
  <GitHubAssessmentsNavigationBar
    changeCourseHandler={[Function]}
    handleGitHubLogIn={[Function]}
    handleGitHubLogOut={[Function]}
    octokit={
      Object {
        "orgs": Object {
          "listForAuthenticatedUser": [Function],
        },
        "repos": Object {
          "getContent": [Function],
          "listForAuthenticatedUser": [Function],
        },
        "users": Object {
          "getAuthenticated": [Function],
        },
      }
    }
    selectedCourse=""
  />
  <Routes>
    <Route
      element={
        <ContentDisplay
          display={
            <Blueprint5.NonIdealState
              description="Loading..."
              icon={<Blueprint5.Spinner />}
              iconMuted={true}
              iconSize={48}
              layout="vertical"
            />
          }
          loadContentDispatch={[Function]}
        />
      }
      path="login"
    />
    <Route
      element={<GitHubClassroomWelcome />}
      path="welcome"
    />
    <Route
      element={<GitHubAssessmentWorkspace />}
      path="editor"
    />
    <Route
      element={
        <Navigate
          replace={true}
          to="login"
        />
      }
      path="*"
    />
  </Routes>
</div>
`;
