// Jest Snapshot v1, https://goo.gl/fbAQLP

exports[`EnvVisualizer component renders correctly 1`] = `
"<div className=\\"bp4-dark\\">
  <p id=\\"env-visualizer-default-text\\" className=\\"bp4-running-text\\">
    The environment model visualizer generates environment model diagrams following a notation introduced in
     
    <a href=\\"https://sourceacademy.org/sicpjs/3.2\\" rel=\\"noopener noreferrer\\" target=\\"_blank\\">
      <i>
        Structure and Interpretation of Computer Programs, JavaScript Edition, Chapter 3, Section 2
      </i>
    </a>
    .
    <br />
    <br />
    It is activated by setting breakpoints before you run the program. You can set a breakpoint by clicking on the gutter of the editor (where all the line numbers are, on the left). When the program runs into a breakpoint, the visualizer displays the state of the environments before the statement is evaluated, which starts in the line in which you set the breakpoint. Every breakpoint must be at the beginning of a statement.
  </p>
</div>"
`;
