// Jest Snapshot v1, https://goo.gl/fbAQLP

exports[`AchievementView component renders correctly 1`] = `
"<AchievementView id={1} inferencer={{...}} handleGlow={[Function: handleGlow]}>
  <div className=\\"view\\" style={{...}}>
    <div className=\\"canvas\\" style={{...}}>
      <h1>
        BEYOND THE SECOND DIMENSION
      </h1>
      <div className=\\"deadline\\">
        <p>
          Deadline: 21 August 2020
        </p>
      </div>
      <div className=\\"description\\">
        <p>
          Lorem ipsum dolor sit amet, consectetur adipiscing elit, sed do eiusmod tempor incididunt ut labore et dolore magna aliqua. Ut enim ad minim veniam, quis nostrud
        </p>
      </div>
    </div>
    <AchievementViewGoal goals={{...}}>
      <div className=\\"goal\\">
        <div className=\\"goal-medal\\">
          <span className=\\"medal-icon\\" />
          <div className=\\"medal-text\\">
            100
             / 
            100
             XP
          </div>
        </div>
        <div className=\\"goal-text\\">
          Complete Beyond the Second Dimension mission
        </div>
      </div>
      <div className=\\"goal\\">
        <div className=\\"goal-medal\\">
          <span className=\\"medal-icon\\" />
          <div className=\\"medal-text\\">
            113
             / 
            150
             XP
          </div>
        </div>
        <div className=\\"goal-text\\">
          Score earned from Beyond the Second Dimension mission
        </div>
      </div>
    </AchievementViewGoal>
  </div>
</AchievementView>"
`;
