// Jest Snapshot v1, https://goo.gl/fbAQLP

exports[`Assessment page "loading" content renders correctly 1`] = `"<NonIdealState className=\\"Assessment pt-dark\\" description=\\"Getting mission ready...\\" visual={{...}} />"`;

exports[`Assessment page with MCQ question renders correctly 1`] = `
"<div className=\\"Assessment pt-dark\\">
  <Blueprint2.Dialog className=\\"mission-briefing\\" isOpen={false} canOutsideClickClose={true}>
    <Blueprint2.Card elevation={0} interactive={false}>
      <Text>
         
        This is the mission briefing. Lorem ipsum dolor sit amet, consectetur adipiscing elit. Maecenas viverra, sem scelerisque ultricies ullamcorper, sem nibh sollicitudin enim, at ultricies sem orci eget odio. Pellentesque varius et mauris quis vestibulum. Etiam in egestas dolor. Nunc consectetur, sapien sodales accumsan convallis, lectus mi tempus ipsum, vel ornare metus turpis sed justo. Vivamus at tellus sed ex convallis commodo at in lectus. Pellentesque pharetra pulvinar sapien pellentesque facilisis. Curabitur efficitur malesuada urna sed aliquam. Quisque massa metus, aliquam in sagittis non, cursus in sem. Morbi vel nunc at nunc pharetra lobortis. Aliquam feugiat ultricies ipsum vel sollicitudin. Vivamus nulla massa, hendrerit sit amet nibh quis, porttitor convallis nisi. 
         
      </Text>
      <Blueprint2.Button className=\\"mission-briefing-button\\" onClick={[Function: onClick]} text=\\"Continue\\" />
    </Blueprint2.Card>
  </Blueprint2.Dialog>
  <Workspace controlBarProps={{...}} editorProps={[undefined]} editorWidth=\\"50%\\" handleEditorWidthChange={[Function: handleEditorWidthChange]} handleSideContentHeightChange={[Function: handleSideContentHeightChange]} mcq={{...}} sideContentHeight={[undefined]} sideContentProps={{...}} replProps={{...}} />
</div>"
`;

exports[`Assessment page with programming question renders correctly 1`] = `
"<div className=\\"Assessment pt-dark\\">
  <Blueprint2.Dialog className=\\"mission-briefing\\" isOpen={true} canOutsideClickClose={true}>
    <Blueprint2.Card elevation={0} interactive={false}>
      <Text>
         
        This is the mission briefing. Lorem ipsum dolor sit amet, consectetur adipiscing elit. Maecenas viverra, sem scelerisque ultricies ullamcorper, sem nibh sollicitudin enim, at ultricies sem orci eget odio. Pellentesque varius et mauris quis vestibulum. Etiam in egestas dolor. Nunc consectetur, sapien sodales accumsan convallis, lectus mi tempus ipsum, vel ornare metus turpis sed justo. Vivamus at tellus sed ex convallis commodo at in lectus. Pellentesque pharetra pulvinar sapien pellentesque facilisis. Curabitur efficitur malesuada urna sed aliquam. Quisque massa metus, aliquam in sagittis non, cursus in sem. Morbi vel nunc at nunc pharetra lobortis. Aliquam feugiat ultricies ipsum vel sollicitudin. Vivamus nulla massa, hendrerit sit amet nibh quis, porttitor convallis nisi. 
         
      </Text>
      <Blueprint2.Button className=\\"mission-briefing-button\\" onClick={[Function: onClick]} text=\\"Continue\\" />
    </Blueprint2.Card>
  </Blueprint2.Dialog>
  <Workspace controlBarProps={{...}} editorProps={{...}} editorWidth=\\"50%\\" handleEditorWidthChange={[Function: handleEditorWidthChange]} handleSideContentHeightChange={[Function: handleSideContentHeightChange]} mcq={{...}} sideContentHeight={[undefined]} sideContentProps={{...}} replProps={{...}} />
</div>"
`;
