// Jest Snapshot v1, https://goo.gl/fbAQLP

exports[`Playground renders correctly 1`] = `
"<ContextProvider value={{...}}>
  <Playground playgroundSourceChapter={2} playgroundSourceVariant=\\"default\\" usingSubst={false} usingEnv={false} persistenceUser={[undefined]} persistenceFile={[undefined]} githubOctokitObject={{...}} githubSaveInfo={{...}} handleChangeExecTime={[Function: handleChangeExecTime]} handleChapterSelect={[Function: handleChapterSelect]} handleEditorValueChange={[Function: handleEditorValueChange]} handleEditorUpdateBreakpoints={[Function: handleEditorUpdateBreakpoints]} handleReplEval={[Function: handleReplEval]} handleReplOutputClear={[Function: handleReplOutputClear]} handleUsingSubst={[Function: handleUsingSubst]} handleUsingEnv={[Function: handleUsingEnv]} match={{...}} location={{...}} history={{...}} staticContext={{...}} />
</ContextProvider>"
`;

exports[`Playground with link renders correctly 1`] = `
"<ContextProvider value={{...}}>
  <Playground playgroundSourceChapter={2} playgroundSourceVariant=\\"default\\" usingSubst={false} usingEnv={false} persistenceUser={[undefined]} persistenceFile={[undefined]} githubOctokitObject={{...}} githubSaveInfo={{...}} handleChangeExecTime={[Function: handleChangeExecTime]} handleChapterSelect={[Function: handleChapterSelect]} handleEditorValueChange={[Function: handleEditorValueChange]} handleEditorUpdateBreakpoints={[Function: handleEditorUpdateBreakpoints]} handleReplEval={[Function: handleReplEval]} handleReplOutputClear={[Function: handleReplOutputClear]} handleUsingSubst={[Function: handleUsingSubst]} handleUsingEnv={[Function: handleUsingEnv]} match={{...}} location={{...}} history={{...}} staticContext={{...}} />
</ContextProvider>"
`;
