// Jest Snapshot v1, https://goo.gl/fbAQLP

exports[`Navbar renders correctly 1`] = `
"<Blueprint3.Navbar className=\\"NavigationBar secondary-navbar\\">
  <Blueprint3.NavbarGroup align=\\"right\\">
    <ControlBarGitHubLoginButton onClickLogIn={[Function: handleGitHubLogIn]} onClickLogOut={[Function: handleGitHubLogOut]} />
  </Blueprint3.NavbarGroup>
</Blueprint3.Navbar>"
`;
