// Jest Snapshot v1, https://goo.gl/fbAQLP

exports[`Navbar renders correctly 1`] = `
<Blueprint5.Navbar
  className="NavigationBar secondary-navbar"
>
  <Blueprint5.NavbarGroup
    align="left"
  >
    <NavLink
      className={[Function]}
      state={
        Object {
          "assessmentTypeOverviews": undefined,
          "courses": Array [],
          "selectedCourse": "",
        }
      }
      to="/githubassessments/missions"
    >
      <Blueprint5.Icon
        autoLoad={true}
        icon="flame"
        tagName="span"
      />
      <div
        className="hidden-xs hidden-sm"
      >
        Missions
      </div>
    </NavLink>
    <NavLink
      className={[Function]}
      state={
        Object {
          "assessmentTypeOverviews": undefined,
          "courses": Array [],
          "selectedCourse": "",
        }
      }
      to="/githubassessments/quests"
    >
      <Blueprint5.Icon
        autoLoad={true}
        icon="lightbulb"
        tagName="span"
      />
      <div
        className="hidden-xs hidden-sm"
      >
        Quests
      </div>
    </NavLink>
  </Blueprint5.NavbarGroup>
  <Blueprint5.NavbarGroup
    align="right"
  >
    <Blueprint5.InputGroup
      disabled={true}
      leftElement={
        <Popover2
          content={<Blueprint5.Menu />}
          placement="bottom-end"
        >
          <Blueprint5.Button
            aria-label="choose"
            minimal={true}
            rightIcon="caret-down"
          />
        </Popover2>
      }
      onChange={[Function]}
      placeholder="Select Course"
      value=""
    />
    <ControlBarGitHubLoginButton
      onClickLogIn={[Function]}
      onClickLogOut={[Function]}
    />
  </Blueprint5.NavbarGroup>
</Blueprint5.Navbar>
`;
