// Jest Snapshot v1, https://goo.gl/fbAQLP

exports[`Navbar renders correctly 1`] = `
"<Fragment>
  <Blueprint4.Navbar className="SicpNavigationBar secondary-navbar">
    <Blueprint4.NavbarGroup align="left">
      <TableOfContentsButton handleOpenToc={[Function: handleOpenToc]} />
      <div className="userSearch" style={{...}}>
        <div className="userSearch-inner">
          <div style={{...}}>
            <Blueprint4.InputGroup placeholder="..." value="" onChange={[Function: onChange]} />
            <ControlButton label="Search" icon="search" onClick={[Function: onClick]} />
          </div>
        </div>
      </div>
      <div className="indexSearch" style={{...}}>
        <div className="indexSearch-inner">
          <div style={{...}}>
            <Blueprint4.InputGroup placeholder="..." value="" onChange={[Function: onChange]} />
            <ControlButton label="Search index" icon="search" onClick={[Function: handleIndexSearchButton]} />
          </div>
        </div>
      </div>
    </Blueprint4.NavbarGroup>
    <Blueprint4.NavbarGroup align="right">
      <div>
        <ControlButton label="Next" icon="arrow-right" onClick={[Function: onClick]} options={{...}} />
      </div>
    </Blueprint4.NavbarGroup>
  </Blueprint4.Navbar>
  <Blueprint4.Drawer onClose={[Function: handleCloseToc]} autoFocus={true} canEscapeKeyClose={true} canOutsideClickClose={true} enforceFocus={true} hasBackdrop={true} isOpen={false} position="left" usePortal={false} className="sicp-toc-drawer" style={{...}}>
    <SicpToc handleCloseToc={[Function: handleCloseToc]} />
  </Blueprint4.Drawer>
  <Blueprint4.Drawer style={{...}} onClose={[Function: handleCloseSearch]} autoFocus={true} canEscapeKeyClose={true} canOutsideClickClose={true} enforceFocus={true} hasBackdrop={true} isOpen={false} position="left" usePortal={false} className="sicp-toc-drawer" />
</Fragment>"
`;