// Jest Snapshot v1, https://goo.gl/fbAQLP

exports[`Navbar renders correctly 1`] = `
"<Fragment>
  <Blueprint4.Navbar className=\\"SicpNavigationBar secondary-navbar\\">
    <Blueprint4.NavbarGroup align=\\"left\\">
      <TableOfContentsButton handleOpenToc={[Function: handleOpenToc]} />
    </Blueprint4.NavbarGroup>
    <Blueprint4.NavbarGroup align=\\"right\\">
      <div>
        <ControlButton label=\\"Next\\" icon=\\"arrow-right\\" onClick={[Function: onClick]} options={{...}} />
      </div>
    </Blueprint4.NavbarGroup>
  </Blueprint4.Navbar>
  <Blueprint4.Drawer onClose={[Function: handleCloseToc]} autoFocus={true} canEscapeKeyClose={true} canOutsideClickClose={true} enforceFocus={true} hasBackdrop={true} isOpen={false} position=\\"left\\" usePortal={false} className=\\"sicp-toc-drawer\\" style={{...}}>
    <SicpToc handleCloseToc={[Function: handleCloseToc]} />
  </Blueprint4.Drawer>
</Fragment>"
`;
