// Jest Snapshot v1, https://goo.gl/fbAQLP

exports[`AchievementViewCompletion component renders correctly 1`] = `
"<AchievementViewCompletion awardedExp={0} completionText=\\"string\\">
  <div className=\\"completion\\">
    <h1>
      AWARDED 0XP
    </h1>
    <p>
      string
    </p>
  </div>
</AchievementViewCompletion>"
`;
