// Jest Snapshot v1, https://goo.gl/fbAQLP

exports[`Stories renders correctly 1`] = `
"<div className=\\"storiesHome\\">
  <div className=\\"storiesInteract\\">
    <p className=\\"titleText\\">
      Stories
    </p>
    <form onSubmit={[Function: handleSubmit]}>
      <input className=\\"storiesInput\\" type=\\"text\\" placeholder=\\"GitHub username here\\" value=\\"\\" onChange={[Function: onChange]} required={true} />
    </form>
    <button className=\\"storiesButton\\" onClick={[Function: handleSubmit]}>
      Explore user&#39;s blogs
    </button>
    <p>
      <a href=\\"/stories/new\\">
        Write your own
      </a>
       story!
    </p>
  </div>
</div>"
`;
